
  .   ____          _            __ _ _
 /\\ / ___'_ __ _ _(_)_ __  __ _ \ \ \ \
( ( )\___ | '_ | '_| | '_ \/ _` | \ \ \ \
 \\/  ___)| |_)| | | | | || (_| |  ) ) ) )
  '  |____| .__|_| |_|_| |_\__, | / / / /
 =========|_|==============|___/=/_/_/_/
[32m :: Spring Boot :: [39m              [2m (v3.2.0)[0;39m

[2m2025-12-06T22:36:17.918+05:30[0;39m [32m INFO[0;39m [35m38958[0;39m [2m---[0;39m [2m[           main][0;39m [2m[0;39m[36mo.e.rideshare.RideShareApplication      [0;39m [2m:[0;39m Starting RideShareApplication v1.0.0 using Java 22.0.2 with PID 38958 (/Volumes/T7/Pratyush/ride-sharz/target/rideshare-1.0.0.jar started by pratyushmohanty in /Volumes/T7/Pratyush/ride-sharz)
[2m2025-12-06T22:36:17.919+05:30[0;39m [32mDEBUG[0;39m [35m38958[0;39m [2m---[0;39m [2m[           main][0;39m [2m[0;39m[36mo.e.rideshare.RideShareApplication      [0;39m [2m:[0;39m Running with Spring Boot v3.2.0, Spring v6.1.1
[2m2025-12-06T22:36:17.920+05:30[0;39m [32m INFO[0;39m [35m38958[0;39m [2m---[0;39m [2m[           main][0;39m [2m[0;39m[36mo.e.rideshare.RideShareApplication      [0;39m [2m:[0;39m No active profile set, falling back to 1 default profile: "default"
[2m2025-12-06T22:36:18.334+05:30[0;39m [32m INFO[0;39m [35m38958[0;39m [2m---[0;39m [2m[           main][0;39m [2m[0;39m[36m.s.d.r.c.RepositoryConfigurationDelegate[0;39m [2m:[0;39m Bootstrapping Spring Data MongoDB repositories in DEFAULT mode.
[2m2025-12-06T22:36:18.359+05:30[0;39m [32m INFO[0;39m [35m38958[0;39m [2m---[0;39m [2m[           main][0;39m [2m[0;39m[36m.s.d.r.c.RepositoryConfigurationDelegate[0;39m [2m:[0;39m Finished Spring Data repository scanning in 22 ms. Found 2 MongoDB repository interfaces.
[2m2025-12-06T22:36:18.646+05:30[0;39m [32m INFO[0;39m [35m38958[0;39m [2m---[0;39m [2m[           main][0;39m [2m[0;39m[36mo.s.b.w.embedded.tomcat.TomcatWebServer [0;39m [2m:[0;39m Tomcat initialized with port 8081 (http)
[2m2025-12-06T22:36:18.653+05:30[0;39m [32m INFO[0;39m [35m38958[0;39m [2m---[0;39m [2m[           main][0;39m [2m[0;39m[36mo.apache.catalina.core.StandardService  [0;39m [2m:[0;39m Starting service [Tomcat]
[2m2025-12-06T22:36:18.653+05:30[0;39m [32m INFO[0;39m [35m38958[0;39m [2m---[0;39m [2m[           main][0;39m [2m[0;39m[36mo.apache.catalina.core.StandardEngine   [0;39m [2m:[0;39m Starting Servlet engine: [Apache Tomcat/10.1.16]
[2m2025-12-06T22:36:18.671+05:30[0;39m [32m INFO[0;39m [35m38958[0;39m [2m---[0;39m [2m[           main][0;39m [2m[0;39m[36mo.a.c.c.C.[Tomcat].[localhost].[/]      [0;39m [2m:[0;39m Initializing Spring embedded WebApplicationContext
[2m2025-12-06T22:36:18.672+05:30[0;39m [32m INFO[0;39m [35m38958[0;39m [2m---[0;39m [2m[           main][0;39m [2m[0;39m[36mw.s.c.ServletWebServerApplicationContext[0;39m [2m:[0;39m Root WebApplicationContext: initialization completed in 719 ms
[2m2025-12-06T22:36:18.707+05:30[0;39m [32mDEBUG[0;39m [35m38958[0;39m [2m---[0;39m [2m[           main][0;39m [2m[0;39m[36mo.e.r.config.JwtAuthenticationFilter    [0;39m [2m:[0;39m Filter 'jwtAuthenticationFilter' configured for use
[2m2025-12-06T22:36:18.785+05:30[0;39m [32m INFO[0;39m [35m38958[0;39m [2m---[0;39m [2m[           main][0;39m [2m[0;39m[36morg.mongodb.driver.client               [0;39m [2m:[0;39m MongoClient with metadata {"driver": {"name": "mongo-java-driver|sync|spring-boot", "version": "4.11.1"}, "os": {"type": "Darwin", "name": "Mac OS X", "architecture": "aarch64", "version": "26.0.1"}, "platform": "Java/Oracle Corporation/22.0.2+9-70"} created with settings MongoClientSettings{readPreference=primary, writeConcern=WriteConcern{w=null, wTimeout=null ms, journal=null}, retryWrites=true, retryReads=true, readConcern=ReadConcern{level=null}, credential=null, transportSettings=null, streamFactoryFactory=null, commandListeners=[], codecRegistry=ProvidersCodecRegistry{codecProviders=[ValueCodecProvider{}, BsonValueCodecProvider{}, DBRefCodecProvider{}, DBObjectCodecProvider{}, DocumentCodecProvider{}, CollectionCodecProvider{}, IterableCodecProvider{}, MapCodecProvider{}, GeoJsonCodecProvider{}, GridFSFileCodecProvider{}, Jsr310CodecProvider{}, JsonObjectCodecProvider{}, BsonCodecProvider{}, EnumCodecProvider{}, com.mongodb.client.model.mql.ExpressionCodecProvider@270d43a7, com.mongodb.Jep395RecordCodecProvider@1280682, com.mongodb.KotlinCodecProvider@41ccb3b9]}, loggerSettings=LoggerSettings{maxDocumentLength=1000}, clusterSettings={hosts=[localhost:27017], srvServiceName=mongodb, mode=SINGLE, requiredClusterType=UNKNOWN, requiredReplicaSetName='null', serverSelector='null', clusterListeners='[]', serverSelectionTimeout='30000 ms', localThreshold='15 ms'}, socketSettings=SocketSettings{connectTimeoutMS=10000, readTimeoutMS=0, receiveBufferSize=0, proxySettings=ProxySettings{host=null, port=null, username=null, password=null}}, heartbeatSocketSettings=SocketSettings{connectTimeoutMS=10000, readTimeoutMS=10000, receiveBufferSize=0, proxySettings=ProxySettings{host=null, port=null, username=null, password=null}}, connectionPoolSettings=ConnectionPoolSettings{maxSize=100, minSize=0, maxWaitTimeMS=120000, maxConnectionLifeTimeMS=0, maxConnectionIdleTimeMS=0, maintenanceInitialDelayMS=0, maintenanceFrequencyMS=60000, connectionPoolListeners=[], maxConnecting=2}, serverSettings=ServerSettings{heartbeatFrequencyMS=10000, minHeartbeatFrequencyMS=500, serverListeners='[]', serverMonitorListeners='[]'}, sslSettings=SslSettings{enabled=false, invalidHostNameAllowed=false, context=null}, applicationName='null', compressorList=[], uuidRepresentation=JAVA_LEGACY, serverApi=null, autoEncryptionSettings=null, dnsClient=null, inetAddressResolver=null, contextProvider=null}
[2m2025-12-06T22:36:18.814+05:30[0;39m [32m INFO[0;39m [35m38958[0;39m [2m---[0;39m [2m[localhost:27017][0;39m [2m[0;39m[36morg.mongodb.driver.cluster              [0;39m [2m:[0;39m Monitor thread successfully connected to server with description ServerDescription{address=localhost:27017, type=STANDALONE, state=CONNECTED, ok=true, minWireVersion=0, maxWireVersion=21, maxDocumentSize=16777216, logicalSessionTimeoutMinutes=30, roundTripTimeNanos=15829042}
[2m2025-12-06T22:36:19.016+05:30[0;39m [33m WARN[0;39m [35m38958[0;39m [2m---[0;39m [2m[           main][0;39m [2m[0;39m[36m.s.s.UserDetailsServiceAutoConfiguration[0;39m [2m:[0;39m 

Using generated security password: ad7696ae-46dc-4750-8270-df6548b2f61c

This generated password is for development use only. Your security configuration must be updated before running your application in production.

[2m2025-12-06T22:36:19.167+05:30[0;39m [32m INFO[0;39m [35m38958[0;39m [2m---[0;39m [2m[           main][0;39m [2m[0;39m[36mo.s.s.web.DefaultSecurityFilterChain    [0;39m [2m:[0;39m Will secure any request with [org.springframework.security.web.session.DisableEncodeUrlFilter@4357524b, org.springframework.security.web.context.request.async.WebAsyncManagerIntegrationFilter@104a287c, org.springframework.security.web.context.SecurityContextHolderFilter@71567f33, org.springframework.security.web.header.HeaderWriterFilter@161d95c6, org.springframework.web.filter.CorsFilter@64dc86c6, org.springframework.security.web.authentication.logout.LogoutFilter@621624b1, org.example.rideshare.config.JwtAuthenticationFilter@63cd2cd2, org.springframework.security.web.savedrequest.RequestCacheAwareFilter@3cf55e0c, org.springframework.security.web.servletapi.SecurityContextHolderAwareRequestFilter@ee96866, org.springframework.security.web.authentication.AnonymousAuthenticationFilter@26874f2c, org.springframework.security.web.session.SessionManagementFilter@639c7f9c, org.springframework.security.web.access.ExceptionTranslationFilter@701c223a, org.springframework.security.web.access.intercept.AuthorizationFilter@1ae924f1]
[2m2025-12-06T22:36:19.266+05:30[0;39m [32m INFO[0;39m [35m38958[0;39m [2m---[0;39m [2m[           main][0;39m [2m[0;39m[36mo.s.b.w.embedded.tomcat.TomcatWebServer [0;39m [2m:[0;39m Tomcat started on port 8081 (http) with context path ''
[2m2025-12-06T22:36:19.278+05:30[0;39m [32m INFO[0;39m [35m38958[0;39m [2m---[0;39m [2m[           main][0;39m [2m[0;39m[36mo.e.rideshare.RideShareApplication      [0;39m [2m:[0;39m Started RideShareApplication in 1.625 seconds (process running for 1.923)
[2m2025-12-06T22:38:53.090+05:30[0;39m [32m INFO[0;39m [35m38958[0;39m [2m---[0;39m [2m[nio-8081-exec-1][0;39m [2m[0;39m[36mo.a.c.c.C.[Tomcat].[localhost].[/]      [0;39m [2m:[0;39m Initializing Spring DispatcherServlet 'dispatcherServlet'
[2m2025-12-06T22:38:53.091+05:30[0;39m [32m INFO[0;39m [35m38958[0;39m [2m---[0;39m [2m[nio-8081-exec-1][0;39m [2m[0;39m[36mo.s.web.servlet.DispatcherServlet       [0;39m [2m:[0;39m Initializing Servlet 'dispatcherServlet'
[2m2025-12-06T22:38:53.100+05:30[0;39m [32m INFO[0;39m [35m38958[0;39m [2m---[0;39m [2m[nio-8081-exec-1][0;39m [2m[0;39m[36mo.s.web.servlet.DispatcherServlet       [0;39m [2m:[0;39m Completed initialization in 9 ms
[2m2025-12-06T22:38:53.110+05:30[0;39m [32mDEBUG[0;39m [35m38958[0;39m [2m---[0;39m [2m[nio-8081-exec-1][0;39m [2m[0;39m[36mo.s.security.web.FilterChainProxy       [0;39m [2m:[0;39m Securing POST /api/auth/login
[2m2025-12-06T22:38:53.134+05:30[0;39m [32mDEBUG[0;39m [35m38958[0;39m [2m---[0;39m [2m[nio-8081-exec-1][0;39m [2m[0;39m[36mo.s.s.w.a.AnonymousAuthenticationFilter [0;39m [2m:[0;39m Set SecurityContextHolder to anonymous SecurityContext
[2m2025-12-06T22:38:53.135+05:30[0;39m [33m WARN[0;39m [35m38958[0;39m [2m---[0;39m [2m[nio-8081-exec-1][0;39m [2m[0;39m[36mo.s.w.s.h.HandlerMappingIntrospector    [0;39m [2m:[0;39m Cache miss for REQUEST dispatch to '/api/auth/login' (previous null). Performing MatchableHandlerMapping lookup. This is logged once only at WARN level, and every time at TRACE.
[2m2025-12-06T22:38:53.145+05:30[0;39m [32mDEBUG[0;39m [35m38958[0;39m [2m---[0;39m [2m[nio-8081-exec-1][0;39m [2m[0;39m[36mo.s.security.web.FilterChainProxy       [0;39m [2m:[0;39m Secured POST /api/auth/login
[2m2025-12-06T22:38:57.825+05:30[0;39m [32mDEBUG[0;39m [35m38958[0;39m [2m---[0;39m [2m[nio-8081-exec-2][0;39m [2m[0;39m[36mo.s.security.web.FilterChainProxy       [0;39m [2m:[0;39m Securing POST /api/auth/register
[2m2025-12-06T22:38:57.829+05:30[0;39m [32mDEBUG[0;39m [35m38958[0;39m [2m---[0;39m [2m[nio-8081-exec-2][0;39m [2m[0;39m[36mo.s.s.w.a.AnonymousAuthenticationFilter [0;39m [2m:[0;39m Set SecurityContextHolder to anonymous SecurityContext
[2m2025-12-06T22:38:57.830+05:30[0;39m [32mDEBUG[0;39m [35m38958[0;39m [2m---[0;39m [2m[nio-8081-exec-2][0;39m [2m[0;39m[36mo.s.security.web.FilterChainProxy       [0;39m [2m:[0;39m Secured POST /api/auth/register
[2m2025-12-06T22:38:59.739+05:30[0;39m [32mDEBUG[0;39m [35m38958[0;39m [2m---[0;39m [2m[nio-8081-exec-3][0;39m [2m[0;39m[36mo.s.security.web.FilterChainProxy       [0;39m [2m:[0;39m Securing POST /api/auth/login
[2m2025-12-06T22:38:59.740+05:30[0;39m [32mDEBUG[0;39m [35m38958[0;39m [2m---[0;39m [2m[nio-8081-exec-3][0;39m [2m[0;39m[36mo.s.s.w.a.AnonymousAuthenticationFilter [0;39m [2m:[0;39m Set SecurityContextHolder to anonymous SecurityContext
[2m2025-12-06T22:38:59.741+05:30[0;39m [32mDEBUG[0;39m [35m38958[0;39m [2m---[0;39m [2m[nio-8081-exec-3][0;39m [2m[0;39m[36mo.s.security.web.FilterChainProxy       [0;39m [2m:[0;39m Secured POST /api/auth/login
[2m2025-12-06T22:38:59.931+05:30[0;39m [32mDEBUG[0;39m [35m38958[0;39m [2m---[0;39m [2m[nio-8081-exec-4][0;39m [2m[0;39m[36mo.s.security.web.FilterChainProxy       [0;39m [2m:[0;39m Securing GET /api/v1/user/rides
[2m2025-12-06T22:38:59.966+05:30[0;39m [32mDEBUG[0;39m [35m38958[0;39m [2m---[0;39m [2m[nio-8081-exec-4][0;39m [2m[0;39m[36mo.s.security.web.FilterChainProxy       [0;39m [2m:[0;39m Secured GET /api/v1/user/rides
[2m2025-12-06T22:39:10.934+05:30[0;39m [32mDEBUG[0;39m [35m38958[0;39m [2m---[0;39m [2m[nio-8081-exec-5][0;39m [2m[0;39m[36mo.s.security.web.FilterChainProxy       [0;39m [2m:[0;39m Securing POST /api/v1/rides
[2m2025-12-06T22:39:10.945+05:30[0;39m [32mDEBUG[0;39m [35m38958[0;39m [2m---[0;39m [2m[nio-8081-exec-5][0;39m [2m[0;39m[36mo.s.security.web.FilterChainProxy       [0;39m [2m:[0;39m Secured POST /api/v1/rides
[2m2025-12-06T22:39:11.010+05:30[0;39m [32mDEBUG[0;39m [35m38958[0;39m [2m---[0;39m [2m[nio-8081-exec-6][0;39m [2m[0;39m[36mo.s.security.web.FilterChainProxy       [0;39m [2m:[0;39m Securing GET /api/v1/user/rides
[2m2025-12-06T22:39:11.012+05:30[0;39m [32mDEBUG[0;39m [35m38958[0;39m [2m---[0;39m [2m[nio-8081-exec-6][0;39m [2m[0;39m[36mo.s.security.web.FilterChainProxy       [0;39m [2m:[0;39m Secured GET /api/v1/user/rides
[2m2025-12-06T22:47:07.195+05:30[0;39m [32mDEBUG[0;39m [35m38958[0;39m [2m---[0;39m [2m[nio-8081-exec-7][0;39m [2m[0;39m[36mo.s.security.web.FilterChainProxy       [0;39m [2m:[0;39m Securing POST /api/auth/login
[2m2025-12-06T22:47:07.208+05:30[0;39m [32mDEBUG[0;39m [35m38958[0;39m [2m---[0;39m [2m[nio-8081-exec-7][0;39m [2m[0;39m[36mo.s.s.w.a.AnonymousAuthenticationFilter [0;39m [2m:[0;39m Set SecurityContextHolder to anonymous SecurityContext
[2m2025-12-06T22:47:07.211+05:30[0;39m [32mDEBUG[0;39m [35m38958[0;39m [2m---[0;39m [2m[nio-8081-exec-7][0;39m [2m[0;39m[36mo.s.security.web.FilterChainProxy       [0;39m [2m:[0;39m Secured POST /api/auth/login
[2m2025-12-06T22:47:07.391+05:30[0;39m [32mDEBUG[0;39m [35m38958[0;39m [2m---[0;39m [2m[nio-8081-exec-8][0;39m [2m[0;39m[36mo.s.security.web.FilterChainProxy       [0;39m [2m:[0;39m Securing GET /api/v1/user/rides
[2m2025-12-06T22:47:07.398+05:30[0;39m [32mDEBUG[0;39m [35m38958[0;39m [2m---[0;39m [2m[nio-8081-exec-8][0;39m [2m[0;39m[36mo.s.security.web.FilterChainProxy       [0;39m [2m:[0;39m Secured GET /api/v1/user/rides
[2m2025-12-06T22:47:25.136+05:30[0;39m [32mDEBUG[0;39m [35m38958[0;39m [2m---[0;39m [2m[nio-8081-exec-9][0;39m [2m[0;39m[36mo.s.security.web.FilterChainProxy       [0;39m [2m:[0;39m Securing GET /api/v1/user/rides
[2m2025-12-06T22:47:25.145+05:30[0;39m [32mDEBUG[0;39m [35m38958[0;39m [2m---[0;39m [2m[nio-8081-exec-9][0;39m [2m[0;39m[36mo.s.security.web.FilterChainProxy       [0;39m [2m:[0;39m Secured GET /api/v1/user/rides
